OpenJDK 64-Bit Server VM (25.462-b08) for linux-amd64 JRE (1.8.0_462-8u462-ga~us1-0ubuntu2~22.04.2-b08), built on Jul 18 2025 07:00:25 by "buildd" with gcc 11.4.0
Memory: 4k page, physical 131713700k(37248628k free), swap 54525944k(54524920k free)
CommandLine flags: -XX:+DebugNonSafepoints -XX:InitialHeapSize=2107419200 -XX:MaxHeapSize=85899345920 -XX:+PreserveFramePointer -XX:+PrintGC -XX:+PrintGCDateStamps -XX:+PrintGCDetails -XX:+PrintGCTimeStamps -XX:+UnlockDiagnosticVMOptions -XX:+UseParallelGC 
2025-08-21T16:02:59.694+0800: 0.958: [GC (Metadata GC Threshold) [PSYoungGen: 236935K->17048K(600576K)] 236935K->17152K(1972736K), 0.0171195 secs] [Times: user=0.12 sys=0.02, real=0.02 secs] 
2025-08-21T16:02:59.711+0800: 0.976: [Full GC (Metadata GC Threshold) [PSYoungGen: 17048K->0K(600576K)] [ParOldGen: 104K->15845K(829440K)] 17152K->15845K(1430016K), [Metaspace: 20301K->20301K(22528K)], 0.0229967 secs] [Times: user=0.27 sys=0.02, real=0.02 secs] 
2025-08-21T16:03:00.231+0800: 1.495: [GC (Metadata GC Threshold) [PSYoungGen: 208091K->14611K(788992K)] 223937K->30465K(1618432K), 0.0159143 secs] [Times: user=0.12 sys=0.01, real=0.01 secs] 
2025-08-21T16:03:00.247+0800: 1.511: [Full GC (Metadata GC Threshold) [PSYoungGen: 14611K->0K(788992K)] [ParOldGen: 15853K->19490K(1323008K)] 30465K->19490K(2112000K), [Metaspace: 34068K->34068K(36864K)], 0.0270956 secs] [Times: user=0.24 sys=0.03, real=0.03 secs] 
2025-08-21T16:03:02.262+0800: 3.526: [GC (Metadata GC Threshold) [PSYoungGen: 572931K->85485K(1044992K)] 592421K->111115K(2368000K), 0.0279263 secs] [Times: user=0.23 sys=0.25, real=0.03 secs] 
2025-08-21T16:03:02.290+0800: 3.554: [Full GC (Metadata GC Threshold) [PSYoungGen: 85485K->0K(1044992K)] [ParOldGen: 25630K->99622K(1935872K)] 111115K->99622K(2980864K), [Metaspace: 55952K->55952K(59392K)], 0.1151848 secs] [Times: user=2.73 sys=0.26, real=0.11 secs] 
2025-08-21T16:03:22.896+0800: 24.161: [GC (Allocation Failure) [PSYoungGen: 959488K->61782K(1141248K)] 1059110K->161425K(3077120K), 0.0334181 secs] [Times: user=0.28 sys=0.16, real=0.04 secs] 
2025-08-21T16:03:23.160+0800: 24.425: [GC (Metadata GC Threshold) [PSYoungGen: 170883K->39705K(1141248K)] 270526K->139356K(3077120K), 0.0115869 secs] [Times: user=0.15 sys=0.17, real=0.01 secs] 
2025-08-21T16:03:23.172+0800: 24.437: [Full GC (Metadata GC Threshold) [PSYoungGen: 39705K->0K(1141248K)] [ParOldGen: 99650K->124202K(2604544K)] 139356K->124202K(3745792K), [Metaspace: 91853K->91822K(100352K)], 0.1536780 secs] [Times: user=2.38 sys=0.20, real=0.15 secs] 
2025-08-21T16:03:26.829+0800: 28.094: [GC (Allocation Failure) [PSYoungGen: 1055744K->81448K(1510400K)] 1179946K->205723K(4114944K), 0.0322546 secs] [Times: user=0.26 sys=0.15, real=0.04 secs] 
2025-08-21T16:03:27.824+0800: 29.089: [GC (Metadata GC Threshold) [PSYoungGen: 443094K->79752K(1523712K)] 567369K->204059K(4128256K), 0.0314938 secs] [Times: user=0.44 sys=0.26, real=0.03 secs] 
2025-08-21T16:03:27.856+0800: 29.121: [Full GC (Metadata GC Threshold) [PSYoungGen: 79752K->0K(1523712K)] [ParOldGen: 124306K->197698K(3317248K)] 204059K->197698K(4840960K), [Metaspace: 148680K->146270K(165888K)], 0.3132056 secs] [Times: user=7.79 sys=0.20, real=0.32 secs] 
2025-08-21T16:03:28.641+0800: 29.906: [GC (Allocation Failure) [PSYoungGen: 1421801K->109543K(1858560K)] 1619500K->838463K(5175808K), 0.0495131 secs] [Times: user=0.21 sys=1.78, real=0.05 secs] 
2025-08-21T16:03:33.503+0800: 34.768: [GC (GCLocker Initiated GC) [PSYoungGen: 1858535K->358889K(2107904K)] 2600356K->1101400K(5425152K), 0.0404112 secs] [Times: user=0.46 sys=1.02, real=0.04 secs] 
2025-08-21T16:03:35.960+0800: 37.225: [GC (GCLocker Initiated GC) [PSYoungGen: 2107881K->412620K(2513920K)] 2886080K->1190827K(5831168K), 0.0499452 secs] [Times: user=0.70 sys=1.41, real=0.05 secs] 
2025-08-21T16:03:38.199+0800: 39.464: [GC (GCLocker Initiated GC) [PSYoungGen: 2498508K->497147K(2583040K)] 3304237K->1338342K(5900288K), 0.0495037 secs] [Times: user=0.72 sys=1.30, real=0.05 secs] 
2025-08-21T16:03:41.032+0800: 42.297: [GC (GCLocker Initiated GC) [PSYoungGen: 2583035K->527834K(3065344K)] 3519377K->1464183K(6382592K), 0.0484987 secs] [Times: user=0.71 sys=1.29, real=0.05 secs] 
2025-08-21T16:03:45.256+0800: 46.520: [GC (GCLocker Initiated GC) [PSYoungGen: 2996698K->586999K(3143680K)] 4035390K->1625707K(6460928K), 0.0397879 secs] [Times: user=1.36 sys=0.22, real=0.04 secs] 
2025-08-21T16:03:47.976+0800: 49.240: [GC (GCLocker Initiated GC) [PSYoungGen: 3055863K->619144K(3619840K)] 4228424K->1791712K(6937088K), 0.0611096 secs] [Times: user=0.90 sys=1.61, real=0.06 secs] 
2025-08-21T16:03:50.899+0800: 52.164: [GC (GCLocker Initiated GC) [PSYoungGen: 3480200K->647001K(3697664K)] 4709154K->1875964K(7014912K), 0.0364362 secs] [Times: user=1.21 sys=0.19, real=0.03 secs] 
2025-08-21T16:03:54.675+0800: 55.939: [GC (GCLocker Initiated GC) [PSYoungGen: 3508057K->523085K(4283392K)] 4796040K->1811075K(7600640K), 0.0598934 secs] [Times: user=0.99 sys=1.45, real=0.06 secs] 
2025-08-21T16:04:00.400+0800: 61.665: [GC (Allocation Failure) [PSYoungGen: 3898189K->568212K(4292608K)] 5186182K->1856221K(7609856K), 0.0315219 secs] [Times: user=1.10 sys=0.09, real=0.03 secs] 
2025-08-21T16:04:02.582+0800: 63.847: [GC (GCLocker Initiated GC) [PSYoungGen: 3943316K->645149K(4624896K)] 5231764K->1933605K(7942144K), 0.0520942 secs] [Times: user=1.00 sys=1.09, real=0.05 secs] 
2025-08-21T16:04:05.110+0800: 66.375: [GC (GCLocker Initiated GC) [PSYoungGen: 4332061K->596910K(4665856K)] 5629136K->1893992K(7983104K), 0.0334400 secs] [Times: user=1.23 sys=0.00, real=0.03 secs] 
2025-08-21T16:04:08.952+0800: 70.216: [GC (GCLocker Initiated GC) [PSYoungGen: 4283822K->642466K(5066240K)] 5581357K->1940017K(8383488K), 0.0666817 secs] [Times: user=1.62 sys=1.04, real=0.06 secs] 
2025-08-21T16:04:11.742+0800: 73.007: [GC (GCLocker Initiated GC) [PSYoungGen: 4717474K->645418K(5089280K)] 6029204K->1957156K(8406528K), 0.0346332 secs] [Times: user=1.34 sys=0.01, real=0.03 secs] 
2025-08-21T16:04:14.377+0800: 75.642: [GC (GCLocker Initiated GC) [PSYoungGen: 4720426K->679830K(5526528K)] 6034581K->1993993K(8843776K), 0.0633233 secs] [Times: user=1.33 sys=1.26, real=0.07 secs] 
2025-08-21T16:04:17.267+0800: 78.532: [GC (GCLocker Initiated GC) [PSYoungGen: 5176214K->574985K(5548032K)] 6492594K->1980742K(8865280K), 0.0370500 secs] [Times: user=1.14 sys=0.31, real=0.04 secs] 
2025-08-21T16:04:21.889+0800: 83.154: [GC (Allocation Failure) [PSYoungGen: 5071369K->353451K(5897216K)] 6477140K->1918378K(9214464K), 0.0420136 secs] [Times: user=0.96 sys=0.66, real=0.04 secs] 
Heap
 PSYoungGen      total 5897216K, used 4971332K [0x00007f3662580000, 0x00007f380b780000, 0x00007f3d0d000000)
  eden space 4967424K, 92% used [0x00007f3662580000,0x00007f377c326450,0x00007f3791880000)
  from space 929792K, 38% used [0x00007f37d2b80000,0x00007f37e84aac68,0x00007f380b780000)
  to   space 998912K, 0% used [0x00007f3791880000,0x00007f3791880000,0x00007f37ce800000)
 ParOldGen       total 3317248K, used 1564927K [0x00007f290d000000, 0x00007f29d7780000, 0x00007f3662580000)
  object space 3317248K, 47% used [0x00007f290d000000,0x00007f296c83fcc8,0x00007f29d7780000)
 Metaspace       used 179406K, capacity 209524K, committed 209664K, reserved 210944K
