OpenJDK 64-Bit Server VM (25.462-b08) for linux-amd64 JRE (1.8.0_462-8u462-ga~us1-0ubuntu2~22.04.2-b08), built on Jul 18 2025 07:00:25 by "buildd" with gcc 11.4.0
Memory: 4k page, physical 131713700k(57155072k free), swap 54525944k(54524664k free)
CommandLine flags: -XX:+DebugNonSafepoints -XX:InitialHeapSize=2107419200 -XX:MaxHeapSize=85899345920 -XX:+PreserveFramePointer -XX:+PrintGC -XX:+PrintGCDateStamps -XX:+PrintGCDetails -XX:+PrintGCTimeStamps -XX:+UnlockDiagnosticVMOptions -XX:+UseParallelGC 
2025-08-21T16:26:07.549+0800: 0.972: [GC (Metadata GC Threshold) [PSYoungGen: 236935K->17150K(600576K)] 236935K->17247K(1972736K), 0.0179379 secs] [Times: user=0.14 sys=0.02, real=0.01 secs] 
2025-08-21T16:26:07.567+0800: 0.990: [Full GC (Metadata GC Threshold) [PSYoungGen: 17150K->0K(600576K)] [ParOldGen: 96K->15983K(841216K)] 17247K->15983K(1441792K), [Metaspace: 20309K->20309K(22528K)], 0.0267620 secs] [Times: user=0.29 sys=0.06, real=0.03 secs] 
2025-08-21T16:26:08.093+0800: 1.516: [GC (Metadata GC Threshold) [PSYoungGen: 208090K->14453K(765440K)] 224073K->30444K(1606656K), 0.0144483 secs] [Times: user=0.12 sys=0.01, real=0.01 secs] 
2025-08-21T16:26:08.108+0800: 1.530: [Full GC (Metadata GC Threshold) [PSYoungGen: 14453K->0K(765440K)] [ParOldGen: 15991K->19538K(1355264K)] 30444K->19538K(2120704K), [Metaspace: 34067K->34067K(36864K)], 0.0260429 secs] [Times: user=0.26 sys=0.02, real=0.03 secs] 
2025-08-21T16:26:10.014+0800: 3.437: [GC (Metadata GC Threshold) [PSYoungGen: 570467K->85487K(1044992K)] 590006K->111080K(2400256K), 0.0281821 secs] [Times: user=0.14 sys=0.40, real=0.03 secs] 
2025-08-21T16:26:10.043+0800: 3.465: [Full GC (Metadata GC Threshold) [PSYoungGen: 85487K->0K(1044992K)] [ParOldGen: 25593K->99624K(1990656K)] 111080K->99624K(3035648K), [Metaspace: 55957K->55957K(59392K)], 0.1163722 secs] [Times: user=2.53 sys=0.24, real=0.11 secs] 
2025-08-21T16:26:30.597+0800: 24.020: [GC (Allocation Failure) [PSYoungGen: 959488K->61498K(1101824K)] 1059112K->161139K(3092480K), 0.0325245 secs] [Times: user=0.26 sys=0.09, real=0.04 secs] 
2025-08-21T16:26:30.724+0800: 24.146: [GC (Metadata GC Threshold) [PSYoungGen: 127090K->39589K(1101824K)] 226731K->139238K(3092480K), 0.0096634 secs] [Times: user=0.22 sys=0.06, real=0.01 secs] 
2025-08-21T16:26:30.733+0800: 24.156: [Full GC (Metadata GC Threshold) [PSYoungGen: 39589K->0K(1101824K)] [ParOldGen: 99648K->123945K(2584576K)] 139238K->123945K(3686400K), [Metaspace: 91869K->91834K(100352K)], 0.1683037 secs] [Times: user=3.11 sys=0.13, real=0.17 secs] 
2025-08-21T16:26:34.218+0800: 27.641: [GC (Allocation Failure) [PSYoungGen: 1016320K->76530K(1540608K)] 1140265K->200524K(4125184K), 0.0501500 secs] [Times: user=0.22 sys=0.21, real=0.05 secs] 
2025-08-21T16:26:35.522+0800: 28.945: [GC (Metadata GC Threshold) [PSYoungGen: 504528K->81747K(1551872K)] 628522K->205805K(4136448K), 0.0267777 secs] [Times: user=0.30 sys=0.32, real=0.02 secs] 
2025-08-21T16:26:35.549+0800: 28.972: [Full GC (Metadata GC Threshold) [PSYoungGen: 81747K->0K(1551872K)] [ParOldGen: 124057K->200403K(3253248K)] 205805K->200403K(4805120K), [Metaspace: 148735K->146332K(165888K)], 0.2956685 secs] [Times: user=7.24 sys=0.19, real=0.30 secs] 
2025-08-21T16:26:36.282+0800: 29.705: [GC (Allocation Failure) [PSYoungGen: 1452544K->108529K(1972736K)] 1652947K->786914K(5225984K), 0.0490693 secs] [Times: user=0.14 sys=1.80, real=0.05 secs] 
2025-08-21T16:26:40.537+0800: 33.960: [GC (GCLocker Initiated GC) [PSYoungGen: 1972671K->334334K(2198528K)] 2656775K->1140647K(5451776K), 0.0430760 secs] [Times: user=0.28 sys=1.30, real=0.05 secs] 
2025-08-21T16:26:43.390+0800: 36.812: [GC (GCLocker Initiated GC) [PSYoungGen: 2198526K->404943K(2716160K)] 3082893K->1289318K(5969408K), 0.0407010 secs] [Times: user=0.75 sys=0.92, real=0.04 secs] 
2025-08-21T16:26:47.332+0800: 40.754: [GC (GCLocker Initiated GC) [PSYoungGen: 2673615K->441136K(2779136K)] 3660186K->1427715K(6032384K), 0.0436617 secs] [Times: user=0.82 sys=0.93, real=0.04 secs] 
2025-08-21T16:26:50.107+0800: 43.530: [GC (GCLocker Initiated GC) [PSYoungGen: 2709808K->502646K(3246080K)] 3727266K->1520112K(6499328K), 0.0468531 secs] [Times: user=0.75 sys=1.15, real=0.05 secs] 
2025-08-21T16:26:52.744+0800: 46.167: [GC (GCLocker Initiated GC) [PSYoungGen: 3174774K->605633K(3318784K)] 4294559K->1725425K(6572032K), 0.0415997 secs] [Times: user=1.27 sys=0.36, real=0.04 secs] 
2025-08-21T16:26:54.943+0800: 48.365: [GC (GCLocker Initiated GC) [PSYoungGen: 3277761K->606869K(3855360K)] 4414904K->1744020K(7108608K), 0.0527113 secs] [Times: user=0.80 sys=1.32, real=0.05 secs] 
2025-08-21T16:26:58.156+0800: 51.579: [GC (GCLocker Initiated GC) [PSYoungGen: 3719829K->568355K(3932160K)] 4919072K->1767605K(7185408K), 0.0324047 secs] [Times: user=1.16 sys=0.08, real=0.03 secs] 
2025-08-21T16:27:03.071+0800: 56.494: [GC (GCLocker Initiated GC) [PSYoungGen: 3681315K->475423K(4441600K)] 4896442K->1690559K(7694848K), 0.0424207 secs] [Times: user=0.73 sys=0.99, real=0.04 secs] 
2025-08-21T16:27:07.546+0800: 60.969: [GC (GCLocker Initiated GC) [PSYoungGen: 4106527K->606047K(4495360K)] 5323999K->1823535K(7748608K), 0.0430047 secs] [Times: user=1.36 sys=0.33, real=0.05 secs] 
2025-08-21T16:27:10.520+0800: 63.942: [GC (GCLocker Initiated GC) [PSYoungGen: 4237151K->569018K(4894720K)] 5455171K->1787054K(8147968K), 0.0658499 secs] [Times: user=1.83 sys=1.45, real=0.06 secs] 
2025-08-21T16:27:13.934+0800: 67.356: [GC (GCLocker Initiated GC) [PSYoungGen: 4554938K->678433K(4913664K)] 5780926K->1904429K(8166912K), 0.0357330 secs] [Times: user=1.37 sys=0.02, real=0.04 secs] 
2025-08-21T16:27:17.676+0800: 71.099: [GC (GCLocker Initiated GC) [PSYoungGen: 4664353K->584345K(5384704K)] 5899855K->1819855K(8637952K), 0.0580760 secs] [Times: user=0.94 sys=1.38, real=0.06 secs] 
2025-08-21T16:27:21.846+0800: 75.269: [GC (GCLocker Initiated GC) [PSYoungGen: 4989081K->606334K(5389312K)] 6235461K->1852722K(8642560K), 0.0355453 secs] [Times: user=1.37 sys=0.00, real=0.04 secs] 
2025-08-21T16:27:26.386+0800: 79.809: [GC (GCLocker Initiated GC) [PSYoungGen: 5011070K->660056K(5809152K)] 6273862K->1922863K(9062400K), 0.0703285 secs] [Times: user=1.45 sys=1.44, real=0.07 secs] 
2025-08-21T16:27:31.489+0800: 84.912: [GC (Allocation Failure) [PSYoungGen: 5476952K->474443K(5831680K)] 6739777K->1822854K(9084928K), 0.0427854 secs] [Times: user=1.30 sys=0.37, real=0.05 secs] 
2025-08-21T16:27:35.853+0800: 89.276: [GC (Allocation Failure) [PSYoungGen: 5291339K->253670K(6187008K)] 6639750K->1762733K(9440256K), 0.0474897 secs] [Times: user=1.46 sys=0.44, real=0.05 secs] 
Heap
 PSYoungGen      total 6187008K, used 1643613K [0x000074a3d6580000, 0x000074a58b480000, 0x000074aa81000000)
  eden space 5259264K, 26% used [0x000074a3d6580000,0x000074a42b2dda38,0x000074a517580000)
  from space 927744K, 27% used [0x000074a552a80000,0x000074a562239be8,0x000074a58b480000)
  to   space 949760K, 0% used [0x000074a517580000,0x000074a517580000,0x000074a551500000)
 ParOldGen       total 3253248K, used 1509062K [0x0000749681000000, 0x0000749747900000, 0x000074a3d6580000)
  object space 3253248K, 46% used [0x0000749681000000,0x00007496dd1b1b40,0x0000749747900000)
 Metaspace       used 180288K, capacity 212125K, committed 212224K, reserved 212992K
