OpenJDK 64-Bit Server VM (25.462-b08) for linux-amd64 JRE (1.8.0_462-8u462-ga~us1-0ubuntu2~22.04.2-b08), built on Jul 18 2025 07:00:25 by "buildd" with gcc 11.4.0
Memory: 4k page, physical 131713700k(56343684k free), swap 54525944k(54506744k free)
CommandLine flags: -XX:+DebugNonSafepoints -XX:InitialHeapSize=2107419200 -XX:MaxHeapSize=85899345920 -XX:+PreserveFramePointer -XX:+PrintGC -XX:+PrintGCDateStamps -XX:+PrintGCDetails -XX:+PrintGCTimeStamps -XX:+UnlockDiagnosticVMOptions -XX:+UseParallelGC 
2025-08-21T16:57:59.569+0800: 0.974: [GC (Metadata GC Threshold) [PSYoungGen: 236935K->17001K(600576K)] 236935K->17106K(1972736K), 0.0174504 secs] [Times: user=0.12 sys=0.03, real=0.02 secs] 
2025-08-21T16:57:59.586+0800: 0.991: [Full GC (Metadata GC Threshold) [PSYoungGen: 17001K->0K(600576K)] [ParOldGen: 104K->15844K(814592K)] 17106K->15844K(1415168K), [Metaspace: 20310K->20310K(22528K)], 0.0209038 secs] [Times: user=0.26 sys=0.04, real=0.02 secs] 
2025-08-21T16:58:00.113+0800: 1.518: [GC (Metadata GC Threshold) [PSYoungGen: 208091K->14376K(800768K)] 223936K->30229K(1615360K), 0.0155774 secs] [Times: user=0.09 sys=0.02, real=0.01 secs] 
2025-08-21T16:58:00.129+0800: 1.534: [Full GC (Metadata GC Threshold) [PSYoungGen: 14376K->0K(800768K)] [ParOldGen: 15852K->19529K(1296384K)] 30229K->19529K(2097152K), [Metaspace: 34068K->34068K(36864K)], 0.0274826 secs] [Times: user=0.23 sys=0.02, real=0.03 secs] 
2025-08-21T16:58:02.050+0800: 3.455: [GC (Metadata GC Threshold) [PSYoungGen: 565867K->85492K(1044992K)] 585397K->111100K(2341376K), 0.0246157 secs] [Times: user=0.13 sys=0.32, real=0.02 secs] 
2025-08-21T16:58:02.074+0800: 3.479: [Full GC (Metadata GC Threshold) [PSYoungGen: 85492K->0K(1044992K)] [ParOldGen: 25608K->99616K(1892352K)] 111100K->99616K(2937344K), [Metaspace: 55959K->55959K(59392K)], 0.0983064 secs] [Times: user=1.75 sys=0.20, real=0.10 secs] 
2025-08-21T16:58:22.514+0800: 23.919: [GC (Allocation Failure) [PSYoungGen: 959488K->61441K(1157632K)] 1059104K->161085K(3049984K), 0.0238180 secs] [Times: user=0.24 sys=0.17, real=0.02 secs] 
2025-08-21T16:58:22.700+0800: 24.105: [GC (Metadata GC Threshold) [PSYoungGen: 181717K->39951K(1157632K)] 281362K->139604K(3049984K), 0.0132466 secs] [Times: user=0.16 sys=0.22, real=0.01 secs] 
2025-08-21T16:58:22.713+0800: 24.118: [Full GC (Metadata GC Threshold) [PSYoungGen: 39951K->0K(1157632K)] [ParOldGen: 99652K->124192K(2465280K)] 139604K->124192K(3622912K), [Metaspace: 91848K->91816K(100352K)], 0.1541849 secs] [Times: user=2.52 sys=0.13, real=0.15 secs] 
2025-08-21T16:58:26.370+0800: 27.776: [GC (Allocation Failure) [PSYoungGen: 1072128K->81676K(1609728K)] 1196320K->205965K(4075008K), 0.0535167 secs] [Times: user=0.34 sys=0.17, real=0.05 secs] 
2025-08-21T16:58:27.404+0800: 28.809: [GC (Metadata GC Threshold) [PSYoungGen: 462948K->81296K(1623552K)] 587237K->205601K(4088832K), 0.0258396 secs] [Times: user=0.30 sys=0.34, real=0.03 secs] 
2025-08-21T16:58:27.430+0800: 28.835: [Full GC (Metadata GC Threshold) [PSYoungGen: 81296K->0K(1623552K)] [ParOldGen: 124304K->198622K(3104768K)] 205601K->198622K(4728320K), [Metaspace: 148652K->146334K(165888K)], 0.3086577 secs] [Times: user=7.72 sys=0.20, real=0.30 secs] 
2025-08-21T16:58:28.155+0800: 29.560: [GC (Allocation Failure) [PSYoungGen: 1521664K->110064K(2048512K)] 1720286K->891609K(5153280K), 0.0530126 secs] [Times: user=0.18 sys=1.96, real=0.05 secs] 
2025-08-21T16:58:32.694+0800: 34.099: [GC (GCLocker Initiated GC) [PSYoungGen: 2048390K->358729K(2320896K)] 2838563K->1148918K(5425664K), 0.0393827 secs] [Times: user=0.56 sys=0.90, real=0.04 secs] 
2025-08-21T16:58:35.616+0800: 37.021: [GC (GCLocker Initiated GC) [PSYoungGen: 2297161K->342194K(2840576K)] 3164042K->1209082K(5945344K), 0.0376934 secs] [Times: user=0.59 sys=0.92, real=0.04 secs] 
2025-08-21T16:58:39.894+0800: 41.300: [GC (GCLocker Initiated GC) [PSYoungGen: 2736306K->427991K(2880512K)] 3638827K->1330520K(5985280K), 0.0438614 secs] [Times: user=0.76 sys=1.00, real=0.04 secs] 
2025-08-21T16:58:42.535+0800: 43.940: [GC (GCLocker Initiated GC) [PSYoungGen: 2822103K->514621K(3369984K)] 3760659K->1453186K(6474752K), 0.0504798 secs] [Times: user=0.74 sys=1.33, real=0.05 secs] 
2025-08-21T16:58:45.196+0800: 46.601: [GC (GCLocker Initiated GC) [PSYoungGen: 3335741K->499278K(3451392K)] 4298834K->1462378K(6556160K), 0.0346618 secs] [Times: user=0.94 sys=0.44, real=0.04 secs] 
2025-08-21T16:58:48.186+0800: 49.591: [GC (GCLocker Initiated GC) [PSYoungGen: 3320398K->549361K(3996672K)] 4345610K->1574581K(7101440K), 0.0534239 secs] [Times: user=0.85 sys=1.33, real=0.06 secs] 
2025-08-21T16:58:51.857+0800: 53.262: [GC (GCLocker Initiated GC) [PSYoungGen: 3856881K->515366K(4061696K)] 4945549K->1604042K(7166464K), 0.0328153 secs] [Times: user=0.91 sys=0.33, real=0.04 secs] 
2025-08-21T16:58:59.031+0800: 60.436: [GC (GCLocker Initiated GC) [PSYoungGen: 3822886K->644235K(4604416K)] 4932524K->1753889K(7709184K), 0.0518995 secs] [Times: user=0.72 sys=1.39, real=0.05 secs] 
2025-08-21T16:59:02.842+0800: 64.247: [GC (Allocation Failure) [PSYoungGen: 4457099K->499950K(4679680K)] 5573758K->1616625K(7784448K), 0.0359639 secs] [Times: user=1.03 sys=0.26, real=0.03 secs] 
2025-08-21T16:59:05.429+0800: 66.834: [GC (GCLocker Initiated GC) [PSYoungGen: 4312814K->670033K(4998144K)] 5452073K->1809309K(8102912K), 0.0528267 secs] [Times: user=1.22 sys=1.04, real=0.06 secs] 
2025-08-21T16:59:09.733+0800: 71.138: [GC (GCLocker Initiated GC) [PSYoungGen: 4795729K->654023K(5061632K)] 5950556K->1808866K(8166400K), 0.0377554 secs] [Times: user=1.34 sys=0.12, real=0.04 secs] 
2025-08-21T16:59:13.912+0800: 75.317: [GC (GCLocker Initiated GC) [PSYoungGen: 4779719K->658898K(5487616K)] 5951758K->1830945K(8592384K), 0.0641241 secs] [Times: user=1.22 sys=1.36, real=0.06 secs] 
2025-08-21T16:59:19.050+0800: 80.456: [GC (Allocation Failure) [PSYoungGen: 5167570K->500684K(5521408K)] 6339621K->1672743K(8626176K), 0.0305779 secs] [Times: user=1.14 sys=0.01, real=0.03 secs] 
2025-08-21T16:59:23.663+0800: 85.068: [GC (Allocation Failure) [PSYoungGen: 5009356K->511212K(5822976K)] 6181415K->1683295K(8927744K), 0.0467406 secs] [Times: user=1.04 sys=0.78, real=0.05 secs] 
2025-08-21T16:59:29.209+0800: 90.614: [GC (Allocation Failure) [PSYoungGen: 5426251K->363382K(5863424K)] 6598334K->1625423K(8968192K), 0.0287181 secs] [Times: user=0.76 sys=0.33, real=0.02 secs] 
Heap
 PSYoungGen      total 5863424K, used 3838406K [0x0000727dda580000, 0x0000727f8e080000, 0x0000728485000000)
  eden space 4915200K, 70% used [0x0000727dda580000,0x0000727eae714040,0x0000727f06580000)
  from space 948224K, 38% used [0x0000727f06580000,0x0000727f1c85d878,0x0000727f40380000)
  to   space 913920K, 0% used [0x0000727f56400000,0x0000727f56400000,0x0000727f8e080000)
 ParOldGen       total 3104768K, used 1262041K [0x0000727085000000, 0x0000727142800000, 0x0000727dda580000)
  object space 3104768K, 40% used [0x0000727085000000,0x00007270d20764e0,0x0000727142800000)
 Metaspace       used 179175K, capacity 209145K, committed 209152K, reserved 210944K
