OpenJDK 64-Bit Server VM (25.462-b08) for linux-amd64 JRE (1.8.0_462-8u462-ga~us1-0ubuntu2~22.04.2-b08), built on Jul 18 2025 07:00:25 by "buildd" with gcc 11.4.0
Memory: 4k page, physical 131713700k(40777108k free), swap 54525944k(54524664k free)
CommandLine flags: -XX:+DebugNonSafepoints -XX:InitialHeapSize=2107419200 -XX:MaxHeapSize=85899345920 -XX:+PreserveFramePointer -XX:+PrintGC -XX:+PrintGCDateStamps -XX:+PrintGCDetails -XX:+PrintGCTimeStamps -XX:+UnlockDiagnosticVMOptions -XX:+UseParallelGC 
2025-08-21T16:06:46.070+0800: 1.126: [GC (Metadata GC Threshold) [PSYoungGen: 236935K->17044K(600576K)] 236935K->17140K(1972736K), 0.0189497 secs] [Times: user=0.13 sys=0.02, real=0.02 secs] 
2025-08-21T16:06:46.089+0800: 1.145: [Full GC (Metadata GC Threshold) [PSYoungGen: 17044K->0K(600576K)] [ParOldGen: 96K->15845K(829440K)] 17140K->15845K(1430016K), [Metaspace: 20301K->20301K(22528K)], 0.0255096 secs] [Times: user=0.29 sys=0.06, real=0.02 secs] 
2025-08-21T16:06:46.654+0800: 1.709: [GC (Metadata GC Threshold) [PSYoungGen: 208091K->14410K(785408K)] 223937K->30263K(1614848K), 0.0156376 secs] [Times: user=0.10 sys=0.02, real=0.02 secs] 
2025-08-21T16:06:46.669+0800: 1.725: [Full GC (Metadata GC Threshold) [PSYoungGen: 14410K->0K(785408K)] [ParOldGen: 15853K->19490K(1330176K)] 30263K->19490K(2115584K), [Metaspace: 34068K->34068K(36864K)], 0.0280944 secs] [Times: user=0.26 sys=0.01, real=0.02 secs] 
2025-08-21T16:06:48.645+0800: 3.701: [GC (Metadata GC Threshold) [PSYoungGen: 585673K->85487K(1044992K)] 605164K->110982K(2375168K), 0.0296211 secs] [Times: user=0.12 sys=0.46, real=0.03 secs] 
2025-08-21T16:06:48.675+0800: 3.731: [Full GC (Metadata GC Threshold) [PSYoungGen: 85487K->0K(1044992K)] [ParOldGen: 25494K->99614K(1946624K)] 110982K->99614K(2991616K), [Metaspace: 55955K->55955K(59392K)], 0.1099129 secs] [Times: user=2.26 sys=0.22, real=0.11 secs] 
2025-08-21T16:07:09.423+0800: 24.479: [GC (Allocation Failure) [PSYoungGen: 959488K->61438K(1136128K)] 1059102K->161068K(3082752K), 0.0335083 secs] [Times: user=0.23 sys=0.13, real=0.03 secs] 
2025-08-21T16:07:09.680+0800: 24.736: [GC (Metadata GC Threshold) [PSYoungGen: 185860K->39760K(1136128K)] 285490K->139399K(3082752K), 0.0127952 secs] [Times: user=0.19 sys=0.17, real=0.01 secs] 
2025-08-21T16:07:09.693+0800: 24.749: [Full GC (Metadata GC Threshold) [PSYoungGen: 39760K->0K(1136128K)] [ParOldGen: 99638K->124047K(2596352K)] 139399K->124047K(3732480K), [Metaspace: 91920K->91894K(100352K)], 0.1618906 secs] [Times: user=2.72 sys=0.18, real=0.16 secs] 
2025-08-21T16:07:13.520+0800: 28.576: [GC (Allocation Failure) [PSYoungGen: 1050624K->82692K(1522688K)] 1174671K->206827K(4119040K), 0.0380712 secs] [Times: user=0.20 sys=0.22, real=0.03 secs] 
2025-08-21T16:07:14.518+0800: 29.574: [GC (Metadata GC Threshold) [PSYoungGen: 442827K->78776K(1537024K)] 566963K->202936K(4133376K), 0.0306614 secs] [Times: user=0.34 sys=0.36, real=0.03 secs] 
2025-08-21T16:07:14.549+0800: 29.605: [Full GC (Metadata GC Threshold) [PSYoungGen: 78776K->0K(1537024K)] [ParOldGen: 124159K->196962K(3293696K)] 202936K->196962K(4830720K), [Metaspace: 148698K->146324K(165888K)], 0.3178233 secs] [Times: user=8.00 sys=0.17, real=0.32 secs] 
2025-08-21T16:07:15.310+0800: 30.366: [GC (Allocation Failure) [PSYoungGen: 1434570K->109561K(1902592K)] 1631532K->828417K(5196288K), 0.0479593 secs] [Times: user=0.17 sys=1.77, real=0.04 secs] 
2025-08-21T16:07:30.193+0800: 45.249: [GC (GCLocker Initiated GC) [PSYoungGen: 1902513K->334395K(2147840K)] 2624244K->1056142K(5441536K), 0.0379678 secs] [Times: user=0.46 sys=0.93, real=0.04 secs] 
