OpenJDK 64-Bit Server VM (25.462-b08) for linux-amd64 JRE (1.8.0_462-8u462-ga~us1-0ubuntu2~22.04.2-b08), built on Jul 18 2025 07:00:25 by "buildd" with gcc 11.4.0
Memory: 4k page, physical 131713700k(42730800k free), swap 54525944k(54506744k free)
CommandLine flags: -XX:+DebugNonSafepoints -XX:InitialHeapSize=2107419200 -XX:MaxHeapSize=85899345920 -XX:+PreserveFramePointer -XX:+PrintGC -XX:+PrintGCDateStamps -XX:+PrintGCDetails -XX:+PrintGCTimeStamps -XX:+UnlockDiagnosticVMOptions -XX:+UseParallelGC 
2025-08-21T16:32:50.888+0800: 1.050: [GC (Metadata GC Threshold) [PSYoungGen: 236935K->17004K(600576K)] 236935K->17100K(1972736K), 0.0177379 secs] [Times: user=0.16 sys=0.02, real=0.02 secs] 
2025-08-21T16:32:50.906+0800: 1.068: [Full GC (Metadata GC Threshold) [PSYoungGen: 17004K->0K(600576K)] [ParOldGen: 96K->15845K(830464K)] 17100K->15845K(1431040K), [Metaspace: 20302K->20302K(22528K)], 0.0240720 secs] [Times: user=0.33 sys=0.03, real=0.03 secs] 
2025-08-21T16:32:51.416+0800: 1.578: [GC (Metadata GC Threshold) [PSYoungGen: 208091K->14404K(770560K)] 223937K->30258K(1601024K), 0.0118361 secs] [Times: user=0.10 sys=0.01, real=0.01 secs] 
2025-08-21T16:32:51.427+0800: 1.589: [Full GC (Metadata GC Threshold) [PSYoungGen: 14404K->0K(770560K)] [ParOldGen: 15853K->19423K(1328640K)] 30258K->19423K(2099200K), [Metaspace: 34068K->34068K(36864K)], 0.0205894 secs] [Times: user=0.18 sys=0.01, real=0.02 secs] 
2025-08-21T16:32:53.288+0800: 3.449: [GC (Metadata GC Threshold) [PSYoungGen: 574469K->85479K(1044992K)] 593893K->111127K(2373632K), 0.0271893 secs] [Times: user=0.18 sys=0.33, real=0.03 secs] 
2025-08-21T16:32:53.315+0800: 3.477: [Full GC (Metadata GC Threshold) [PSYoungGen: 85479K->0K(1044992K)] [ParOldGen: 25648K->99612K(1952256K)] 111127K->99612K(2997248K), [Metaspace: 55975K->55975K(59392K)], 0.1117501 secs] [Times: user=2.10 sys=0.22, real=0.11 secs] 
2025-08-21T16:33:14.004+0800: 24.166: [GC (Allocation Failure) [PSYoungGen: 959488K->61881K(1122816K)] 1059100K->161509K(3075072K), 0.0339251 secs] [Times: user=0.26 sys=0.15, real=0.03 secs] 
2025-08-21T16:33:14.122+0800: 24.284: [GC (Metadata GC Threshold) [PSYoungGen: 112616K->39675K(1122816K)] 212244K->139323K(3075072K), 0.0134168 secs] [Times: user=0.19 sys=0.18, real=0.01 secs] 
2025-08-21T16:33:14.136+0800: 24.298: [Full GC (Metadata GC Threshold) [PSYoungGen: 39675K->0K(1122816K)] [ParOldGen: 99648K->124024K(2435584K)] 139323K->124024K(3558400K), [Metaspace: 91873K->91836K(100352K)], 0.1466025 secs] [Times: user=2.93 sys=0.16, real=0.15 secs] 
2025-08-21T16:33:17.848+0800: 28.010: [GC (Allocation Failure) [PSYoungGen: 1037312K->79629K(1661952K)] 1161336K->203733K(4097536K), 0.0366736 secs] [Times: user=0.30 sys=0.18, real=0.04 secs] 
2025-08-21T16:33:19.033+0800: 29.195: [GC (Metadata GC Threshold) [PSYoungGen: 476477K->82720K(1674752K)] 600582K->206849K(4110336K), 0.0262285 secs] [Times: user=0.33 sys=0.30, real=0.03 secs] 
2025-08-21T16:33:19.060+0800: 29.222: [Full GC (Metadata GC Threshold) [PSYoungGen: 82720K->0K(1674752K)] [ParOldGen: 124128K->198172K(2981376K)] 206849K->198172K(4656128K), [Metaspace: 148678K->146293K(165888K)], 0.1995445 secs] [Times: user=3.35 sys=0.14, real=0.20 secs] 
2025-08-21T16:33:19.727+0800: 29.889: [GC (GCLocker Initiated GC) [PSYoungGen: 1573376K->110585K(2213376K)] 1772316K->886869K(5194752K), 0.0658182 secs] [Times: user=0.18 sys=2.45, real=0.07 secs] 
2025-08-21T16:33:39.100+0800: 49.262: [GC (GCLocker Initiated GC) [PSYoungGen: 2213369K->305582K(2483200K)] 3088985K->1181215K(5464576K), 0.0341978 secs] [Times: user=0.32 sys=0.81, real=0.03 secs] 
2025-08-21T16:33:52.467+0800: 62.629: [GC (GCLocker Initiated GC) [PSYoungGen: 2408366K->342846K(3092480K)] 3344474K->1278962K(6073856K), 0.0374688 secs] [Times: user=0.62 sys=0.87, real=0.04 secs] 
2025-08-21T16:33:57.616+0800: 67.778: [GC (GCLocker Initiated GC) [PSYoungGen: 3011902K->376400K(3136512K)] 3977105K->1341611K(6117888K), 0.0414960 secs] [Times: user=0.53 sys=1.09, real=0.04 secs] 
2025-08-21T16:34:01.847+0800: 72.009: [GC (GCLocker Initiated GC) [PSYoungGen: 3045456K->380634K(3773440K)] 4030288K->1365475K(6754816K), 0.0452831 secs] [Times: user=0.78 sys=1.06, real=0.05 secs] 
2025-08-21T16:34:07.618+0800: 77.780: [GC (GCLocker Initiated GC) [PSYoungGen: 3640026K->409807K(3811840K)] 4707420K->1477208K(6793216K), 0.0306099 secs] [Times: user=0.71 sys=0.40, real=0.03 secs] 
2025-08-21T16:34:13.596+0800: 83.758: [GC (GCLocker Initiated GC) [PSYoungGen: 3669199K->451316K(4418560K)] 4841742K->1623867K(7399936K), 0.0394885 secs] [Times: user=0.46 sys=1.10, real=0.04 secs] 
2025-08-21T16:34:20.532+0800: 90.694: [GC (GCLocker Initiated GC) [PSYoungGen: 4277492K->368852K(4464640K)] 5535336K->1626705K(7446016K), 0.0232640 secs] [Times: user=0.80 sys=0.01, real=0.02 secs] 
2025-08-21T16:34:24.891+0800: 95.053: [GC (GCLocker Initiated GC) [PSYoungGen: 4195028K->508134K(4986368K)] 5460910K->1774040K(7967744K), 0.0570357 secs] [Times: user=0.76 sys=1.51, real=0.05 secs] 
2025-08-21T16:34:27.578+0800: 97.740: [GC (GCLocker Initiated GC) [PSYoungGen: 4851430K->534582K(5039104K)] 6141705K->1824873K(8020480K), 0.0395494 secs] [Times: user=1.16 sys=0.45, real=0.04 secs] 
2025-08-21T16:34:30.141+0800: 100.303: [GC (GCLocker Initiated GC) [PSYoungGen: 4877878K->521167K(5526528K)] 6168184K->1811489K(8507904K), 0.0598876 secs] [Times: user=0.88 sys=1.53, real=0.06 secs] 
2025-08-21T16:34:33.156+0800: 103.318: [GC (GCLocker Initiated GC) [PSYoungGen: 5301199K->490528K(5560320K)] 6609655K->1798991K(8541696K), 0.0404358 secs] [Times: user=1.24 sys=0.34, real=0.04 secs] 
2025-08-21T16:34:36.215+0800: 106.377: [GC (GCLocker Initiated GC) [PSYoungGen: 5270560K->527924K(6138368K)] 6579289K->1836662K(9119744K), 0.0676182 secs] [Times: user=1.19 sys=1.56, real=0.07 secs] 
2025-08-21T16:34:39.770+0800: 109.932: [GC (GCLocker Initiated GC) [PSYoungGen: 5872692K->560002K(6160384K)] 7183547K->1870873K(9141760K), 0.0468849 secs] [Times: user=1.79 sys=0.06, real=0.04 secs] 
2025-08-21T16:34:45.165+0800: 115.327: [GC (Allocation Failure) [PSYoungGen: 5904770K->413600K(6726656K)] 7215644K->1724490K(9708032K), 0.0567621 secs] [Times: user=0.94 sys=1.36, real=0.06 secs] 
Heap
 PSYoungGen      total 6726656K, used 2574444K [0x000070a4e2580000, 0x000070a6b2b00000, 0x000070ab8d000000)
  eden space 5993984K, 36% used [0x000070a4e2580000,0x000070a5663b3230,0x000070a650300000)
  from space 732672K, 56% used [0x000070a685f80000,0x000070a69f368188,0x000070a6b2b00000)
  to   space 806912K, 0% used [0x000070a650300000,0x000070a650300000,0x000070a681700000)
 ParOldGen       total 2981376K, used 1310890K [0x000070978d000000, 0x0000709842f80000, 0x000070a4e2580000)
  object space 2981376K, 43% used [0x000070978d000000,0x00007097dd02a810,0x0000709842f80000)
 Metaspace       used 180161K, capacity 211800K, committed 211968K, reserved 212992K
