OpenJDK 64-Bit Server VM (25.462-b08) for linux-amd64 JRE (1.8.0_462-8u462-ga~us1-0ubuntu2~22.04.2-b08), built on Jul 18 2025 07:00:25 by "buildd" with gcc 11.4.0
Memory: 4k page, physical 131713700k(57107900k free), swap 54525944k(54524664k free)
CommandLine flags: -XX:+DebugNonSafepoints -XX:InitialHeapSize=2107419200 -XX:MaxHeapSize=85899345920 -XX:+PreserveFramePointer -XX:+PrintGC -XX:+PrintGCDateStamps -XX:+PrintGCDetails -XX:+PrintGCTimeStamps -XX:+UnlockDiagnosticVMOptions -XX:+UseParallelGC 
2025-08-21T16:31:05.050+0800: 0.964: [GC (Metadata GC Threshold) [PSYoungGen: 236935K->17347K(600576K)] 236935K->17451K(1972736K), 0.0169370 secs] [Times: user=0.11 sys=0.05, real=0.01 secs] 
2025-08-21T16:31:05.067+0800: 0.981: [Full GC (Metadata GC Threshold) [PSYoungGen: 17347K->0K(600576K)] [ParOldGen: 104K->15983K(846336K)] 17451K->15983K(1446912K), [Metaspace: 20310K->20310K(22528K)], 0.0267393 secs] [Times: user=0.35 sys=0.02, real=0.03 secs] 
2025-08-21T16:31:05.602+0800: 1.516: [GC (Metadata GC Threshold) [PSYoungGen: 208091K->14411K(770560K)] 224075K->30403K(1616896K), 0.0163771 secs] [Times: user=0.11 sys=0.02, real=0.01 secs] 
2025-08-21T16:31:05.619+0800: 1.533: [Full GC (Metadata GC Threshold) [PSYoungGen: 14411K->0K(770560K)] [ParOldGen: 15991K->19725K(1331712K)] 30403K->19725K(2102272K), [Metaspace: 34074K->34074K(36864K)], 0.0214813 secs] [Times: user=0.22 sys=0.01, real=0.03 secs] 
2025-08-21T16:31:07.567+0800: 3.481: [GC (Metadata GC Threshold) [PSYoungGen: 559252K->85483K(1044992K)] 578978K->111500K(2376704K), 0.0313998 secs] [Times: user=0.17 sys=0.43, real=0.03 secs] 
2025-08-21T16:31:07.598+0800: 3.512: [Full GC (Metadata GC Threshold) [PSYoungGen: 85483K->0K(1044992K)] [ParOldGen: 26017K->99583K(1931264K)] 111500K->99583K(2976256K), [Metaspace: 55969K->55969K(59392K)], 0.1102230 secs] [Times: user=2.31 sys=0.22, real=0.11 secs] 
2025-08-21T16:31:28.040+0800: 23.954: [GC (Allocation Failure) [PSYoungGen: 959488K->61606K(1138176K)] 1059071K->161218K(3069440K), 0.0355553 secs] [Times: user=0.26 sys=0.18, real=0.03 secs] 
2025-08-21T16:31:28.352+0800: 24.266: [GC (Metadata GC Threshold) [PSYoungGen: 184729K->39553K(1138176K)] 284341K->139173K(3069440K), 0.0134154 secs] [Times: user=0.17 sys=0.21, real=0.01 secs] 
2025-08-21T16:31:28.365+0800: 24.279: [Full GC (Metadata GC Threshold) [PSYoungGen: 39553K->0K(1138176K)] [ParOldGen: 99619K->123946K(2580992K)] 139173K->123946K(3719168K), [Metaspace: 91870K->91839K(100352K)], 0.1611502 secs] [Times: user=2.66 sys=0.18, real=0.16 secs] 
2025-08-21T16:31:32.027+0800: 27.941: [GC (Allocation Failure) [PSYoungGen: 1052672K->80027K(1523200K)] 1176618K->204062K(4104192K), 0.0496244 secs] [Times: user=0.25 sys=0.15, real=0.05 secs] 
2025-08-21T16:31:33.110+0800: 29.025: [GC (Metadata GC Threshold) [PSYoungGen: 496702K->80471K(1536000K)] 620737K->204530K(4116992K), 0.0322643 secs] [Times: user=0.35 sys=0.36, real=0.03 secs] 
2025-08-21T16:31:33.143+0800: 29.057: [Full GC (Metadata GC Threshold) [PSYoungGen: 80471K->0K(1536000K)] [ParOldGen: 124058K->198536K(3281408K)] 204530K->198536K(4817408K), [Metaspace: 148676K->146341K(165888K)], 0.3383847 secs] [Times: user=8.86 sys=0.13, real=0.34 secs] 
2025-08-21T16:31:33.932+0800: 29.847: [GC (Allocation Failure) [PSYoungGen: 1434624K->109551K(1867776K)] 1633160K->923422K(5149184K), 0.0556361 secs] [Times: user=0.17 sys=2.05, real=0.05 secs] 
2025-08-21T16:31:39.232+0800: 35.146: [GC (GCLocker Initiated GC) [PSYoungGen: 1866430K->242826K(2153984K)] 2684647K->1061059K(5435392K), 0.0312375 secs] [Times: user=0.63 sys=0.53, real=0.03 secs] 
2025-08-21T16:31:43.429+0800: 39.343: [GC (GCLocker Initiated GC) [PSYoungGen: 2000050K->312428K(2541568K)] 2919188K->1231574K(5822976K), 0.0351687 secs] [Times: user=0.68 sys=0.71, real=0.03 secs] 
2025-08-21T16:31:50.724+0800: 46.638: [GC (GCLocker Initiated GC) [PSYoungGen: 2443372K->400140K(2576384K)] 3464851K->1421626K(5857792K), 0.0359143 secs] [Times: user=0.78 sys=0.65, real=0.04 secs] 
2025-08-21T16:31:53.491+0800: 49.405: [GC (GCLocker Initiated GC) [PSYoungGen: 2531084K->441141K(2963456K)] 3603115K->1513181K(6244864K), 0.0382864 secs] [Times: user=0.64 sys=0.90, real=0.04 secs] 
2025-08-21T16:31:56.574+0800: 52.488: [GC (GCLocker Initiated GC) [PSYoungGen: 2899765K->437879K(3025920K)] 3987949K->1526071K(6307328K), 0.0273808 secs] [Times: user=0.96 sys=0.13, real=0.03 secs] 
2025-08-21T16:31:59.118+0800: 55.032: [GC (GCLocker Initiated GC) [PSYoungGen: 2896503K->475647K(3417600K)] 4017111K->1596263K(6699008K), 0.0491706 secs] [Times: user=1.10 sys=1.05, real=0.05 secs] 
2025-08-21T16:32:01.982+0800: 57.896: [GC (GCLocker Initiated GC) [PSYoungGen: 3278335K->507774K(3468800K)] 4503272K->1732719K(6750208K), 0.0377931 secs] [Times: user=1.26 sys=0.23, real=0.04 secs] 
2025-08-21T16:32:05.793+0800: 61.707: [GC (GCLocker Initiated GC) [PSYoungGen: 3310462K->426056K(3953152K)] 4613276K->1728878K(7234560K), 0.0424511 secs] [Times: user=0.70 sys=0.98, real=0.04 secs] 
2025-08-21T16:32:12.608+0800: 68.522: [GC (Allocation Failure) [PSYoungGen: 3665992K->432692K(3966464K)] 4975719K->1742435K(7247872K), 0.0251636 secs] [Times: user=0.92 sys=0.00, real=0.03 secs] 
2025-08-21T16:32:14.640+0800: 70.555: [GC (GCLocker Initiated GC) [PSYoungGen: 3672628K->520700K(4227072K)] 4984550K->1832630K(7508480K), 0.0481110 secs] [Times: user=1.05 sys=0.84, real=0.04 secs] 
2025-08-21T16:32:17.314+0800: 73.228: [GC (GCLocker Initiated GC) [PSYoungGen: 4014076K->518853K(4261888K)] 5333203K->1837988K(7543296K), 0.0294841 secs] [Times: user=0.97 sys=0.13, real=0.03 secs] 
2025-08-21T16:32:20.281+0800: 76.195: [GC (GCLocker Initiated GC) [PSYoungGen: 4012229K->523343K(4620800K)] 5339230K->1850352K(7902208K), 0.0436387 secs] [Times: user=0.84 sys=0.90, real=0.04 secs] 
2025-08-21T16:32:22.753+0800: 78.667: [GC (GCLocker Initiated GC) [PSYoungGen: 4350031K->519940K(4640256K)] 5677696K->1847612K(7921664K), 0.0301788 secs] [Times: user=1.10 sys=0.00, real=0.03 secs] 
2025-08-21T16:32:25.403+0800: 81.317: [GC (GCLocker Initiated GC) [PSYoungGen: 4346628K->499381K(5036032K)] 5675702K->1828464K(8317440K), 0.0408130 secs] [Times: user=0.77 sys=0.85, real=0.04 secs] 
2025-08-21T16:32:28.324+0800: 84.239: [GC (GCLocker Initiated GC) [PSYoungGen: 4710069K->398764K(5034496K)] 6046327K->1824035K(8315904K), 0.0297665 secs] [Times: user=0.80 sys=0.29, real=0.03 secs] 
2025-08-21T16:32:31.647+0800: 87.561: [GC (Allocation Failure) [PSYoungGen: 4609452K->306313K(5304832K)] 6034728K->1784863K(8586240K), 0.0293584 secs] [Times: user=0.49 sys=0.61, real=0.03 secs] 
2025-08-21T16:32:35.196+0800: 91.110: [GC (Allocation Failure) [PSYoungGen: 4901001K->235406K(5353472K)] 6379551K->1722015K(8634880K), 0.0200011 secs] [Times: user=0.72 sys=0.01, real=0.02 secs] 
Heap
 PSYoungGen      total 5353472K, used 1495600K [0x000074314e580000, 0x00007432d3300000, 0x00007437f9000000)
  eden space 4594688K, 27% used [0x000074314e580000,0x000074319b4288f0,0x0000743266c80000)
  from space 758784K, 31% used [0x0000743266c80000,0x00007432752639d0,0x0000743295180000)
  to   space 747520K, 0% used [0x00007432a5900000,0x00007432a5900000,0x00007432d3300000)
 ParOldGen       total 3281408K, used 1486608K [0x00007423f9000000, 0x00007424c1480000, 0x000074314e580000)
  object space 3281408K, 45% used [0x00007423f9000000,0x0000742453bc42e8,0x00007424c1480000)
 Metaspace       used 177005K, capacity 205480K, committed 205568K, reserved 206848K
